// Jest Snapshot v1, https://goo.gl/fbAQLP

exports[`editorjs-parser should return parsed html 1`] = `
<div class="de-block">
  <h2 class="de-header">
    header
  </h2>
</div>
<div class="de-block">
  <p class="de-paragraph">
    text
  </p>
</div>
`;
